// Vitest Snapshot v1

exports[`<NavBar /> > Renders 1`] = `
<div>
  <div>
    About
  </div>
</div>
`;

exports[`views <About /> > Renders 1`] = `
<div>
  <div>
    About
  </div>
</div>
`;
